<?xml version="1.0"?>
<link_info>
   <banner>MSP430 Linker Unix v4.3.3</banner>
   <copyright>Copyright (c) 2003-2014 Texas Instruments Incorporated</copyright>
   <link_time>0x53ecc4be</link_time>
   <link_errors>0x1</link_errors>
   <output_file>ez430_chronos_868MHz.out</output_file>
   <entry_point>
      <name>_c_int00</name>
      <address>0xebf8</address>
   </entry_point>
   <input_file_list>
      <input_file id="fl-2a">
         <path>./driver/</path>
         <kind>object</kind>
         <file>ps.obj</file>
         <name>ps.obj</name>
      </input_file>
      <input_file id="fl-2b">
         <path>./driver/</path>
         <kind>object</kind>
         <file>radio.obj</file>
         <name>radio.obj</name>
      </input_file>
      <input_file id="fl-33">
         <path>../bluerobin/</path>
         <kind>archive</kind>
         <file>BlueRobin_RX_868MHz.lib</file>
         <name>BRRX_Radio.obj</name>
      </input_file>
      <input_file id="fl-34">
         <path>../bluerobin/</path>
         <kind>archive</kind>
         <file>BlueRobin_RX_868MHz.lib</file>
         <name>BRRX_Timer.obj</name>
      </input_file>
      <input_file id="fl-35">
         <path>../bluerobin/</path>
         <kind>archive</kind>
         <file>BlueRobin_RX_868MHz.lib</file>
         <name>BRRX_Scheduler.obj</name>
      </input_file>
      <input_file id="fl-36">
         <path>../bluerobin/</path>
         <kind>archive</kind>
         <file>BlueRobin_RX_868MHz.lib</file>
         <name>BRRX_Resource.obj</name>
      </input_file>
      <input_file id="fl-37">
         <path>../bluerobin/</path>
         <kind>archive</kind>
         <file>BlueRobin_RX_868MHz.lib</file>
         <name>BRRX_Packet.obj</name>
      </input_file>
      <input_file id="fl-38">
         <path>../bluerobin/</path>
         <kind>archive</kind>
         <file>BlueRobin_RX_868MHz.lib</file>
         <name>BRRX_API.obj</name>
      </input_file>
      <input_file id="fl-39">
         <path>../bluerobin/</path>
         <kind>archive</kind>
         <file>BlueRobin_RX_868MHz.lib</file>
         <name>BR_Common.obj</name>
      </input_file>
      <input_file id="fl-3a">
         <path>/opt/ti/ccsv6/tools/compiler/msp430_4.3.3/lib/</path>
         <kind>archive</kind>
         <file>rts430x.lib</file>
         <name>asr32.obj</name>
      </input_file>
      <input_file id="fl-3b">
         <path>/opt/ti/ccsv6/tools/compiler/msp430_4.3.3/lib/</path>
         <kind>archive</kind>
         <file>rts430x.lib</file>
         <name>boot.obj</name>
      </input_file>
      <input_file id="fl-3f">
         <path>/opt/ti/ccsv6/tools/compiler/msp430_4.3.3/lib/</path>
         <kind>archive</kind>
         <file>rts430x.lib</file>
         <name>cpy_util.obj</name>
      </input_file>
      <input_file id="fl-40">
         <path>/opt/ti/ccsv6/tools/compiler/msp430_4.3.3/lib/</path>
         <kind>archive</kind>
         <file>rts430x.lib</file>
         <name>div16s.obj</name>
      </input_file>
      <input_file id="fl-41">
         <path>/opt/ti/ccsv6/tools/compiler/msp430_4.3.3/lib/</path>
         <kind>archive</kind>
         <file>rts430x.lib</file>
         <name>div16u.obj</name>
      </input_file>
      <input_file id="fl-42">
         <path>/opt/ti/ccsv6/tools/compiler/msp430_4.3.3/lib/</path>
         <kind>archive</kind>
         <file>rts430x.lib</file>
         <name>div32s.obj</name>
      </input_file>
      <input_file id="fl-43">
         <path>/opt/ti/ccsv6/tools/compiler/msp430_4.3.3/lib/</path>
         <kind>archive</kind>
         <file>rts430x.lib</file>
         <name>div32u.obj</name>
      </input_file>
      <input_file id="fl-44">
         <path>/opt/ti/ccsv6/tools/compiler/msp430_4.3.3/lib/</path>
         <kind>archive</kind>
         <file>rts430x.lib</file>
         <name>exit.obj</name>
      </input_file>
      <input_file id="fl-45">
         <path>/opt/ti/ccsv6/tools/compiler/msp430_4.3.3/lib/</path>
         <kind>archive</kind>
         <file>rts430x.lib</file>
         <name>fs_add.obj</name>
      </input_file>
      <input_file id="fl-46">
         <path>/opt/ti/ccsv6/tools/compiler/msp430_4.3.3/lib/</path>
         <kind>archive</kind>
         <file>rts430x.lib</file>
         <name>fs_cmp.obj</name>
      </input_file>
      <input_file id="fl-47">
         <path>/opt/ti/ccsv6/tools/compiler/msp430_4.3.3/lib/</path>
         <kind>archive</kind>
         <file>rts430x.lib</file>
         <name>fs_div.obj</name>
      </input_file>
      <input_file id="fl-48">
         <path>/opt/ti/ccsv6/tools/compiler/msp430_4.3.3/lib/</path>
         <kind>archive</kind>
         <file>rts430x.lib</file>
         <name>fs_itof.obj</name>
      </input_file>
      <input_file id="fl-49">
         <path>/opt/ti/ccsv6/tools/compiler/msp430_4.3.3/lib/</path>
         <kind>archive</kind>
         <file>rts430x.lib</file>
         <name>fs_mpy.obj</name>
      </input_file>
      <input_file id="fl-4a">
         <path>/opt/ti/ccsv6/tools/compiler/msp430_4.3.3/lib/</path>
         <kind>archive</kind>
         <file>rts430x.lib</file>
         <name>fs_tou.obj</name>
      </input_file>
      <input_file id="fl-4b">
         <path>/opt/ti/ccsv6/tools/compiler/msp430_4.3.3/lib/</path>
         <kind>archive</kind>
         <file>rts430x.lib</file>
         <name>fs_toul.obj</name>
      </input_file>
      <input_file id="fl-4c">
         <path>/opt/ti/ccsv6/tools/compiler/msp430_4.3.3/lib/</path>
         <kind>archive</kind>
         <file>rts430x.lib</file>
         <name>fs_ultof.obj</name>
      </input_file>
      <input_file id="fl-4d">
         <path>/opt/ti/ccsv6/tools/compiler/msp430_4.3.3/lib/</path>
         <kind>archive</kind>
         <file>rts430x.lib</file>
         <name>fs_utof.obj</name>
      </input_file>
      <input_file id="fl-4e">
         <path>/opt/ti/ccsv6/tools/compiler/msp430_4.3.3/lib/</path>
         <kind>archive</kind>
         <file>rts430x.lib</file>
         <name>int45.obj</name>
      </input_file>
      <input_file id="fl-4f">
         <path>/opt/ti/ccsv6/tools/compiler/msp430_4.3.3/lib/</path>
         <kind>archive</kind>
         <file>rts430x.lib</file>
         <name>int46.obj</name>
      </input_file>
      <input_file id="fl-50">
         <path>/opt/ti/ccsv6/tools/compiler/msp430_4.3.3/lib/</path>
         <kind>archive</kind>
         <file>rts430x.lib</file>
         <name>int47.obj</name>
      </input_file>
      <input_file id="fl-51">
         <path>/opt/ti/ccsv6/tools/compiler/msp430_4.3.3/lib/</path>
         <kind>archive</kind>
         <file>rts430x.lib</file>
         <name>int49.obj</name>
      </input_file>
      <input_file id="fl-52">
         <path>/opt/ti/ccsv6/tools/compiler/msp430_4.3.3/lib/</path>
         <kind>archive</kind>
         <file>rts430x.lib</file>
         <name>int50.obj</name>
      </input_file>
      <input_file id="fl-53">
         <path>/opt/ti/ccsv6/tools/compiler/msp430_4.3.3/lib/</path>
         <kind>archive</kind>
         <file>rts430x.lib</file>
         <name>int51.obj</name>
      </input_file>
      <input_file id="fl-54">
         <path>/opt/ti/ccsv6/tools/compiler/msp430_4.3.3/lib/</path>
         <kind>archive</kind>
         <file>rts430x.lib</file>
         <name>int52.obj</name>
      </input_file>
      <input_file id="fl-55">
         <path>/opt/ti/ccsv6/tools/compiler/msp430_4.3.3/lib/</path>
         <kind>archive</kind>
         <file>rts430x.lib</file>
         <name>int57.obj</name>
      </input_file>
      <input_file id="fl-56">
         <path>/opt/ti/ccsv6/tools/compiler/msp430_4.3.3/lib/</path>
         <kind>archive</kind>
         <file>rts430x.lib</file>
         <name>int58.obj</name>
      </input_file>
      <input_file id="fl-57">
         <path>/opt/ti/ccsv6/tools/compiler/msp430_4.3.3/lib/</path>
         <kind>archive</kind>
         <file>rts430x.lib</file>
         <name>int59.obj</name>
      </input_file>
      <input_file id="fl-58">
         <path>/opt/ti/ccsv6/tools/compiler/msp430_4.3.3/lib/</path>
         <kind>archive</kind>
         <file>rts430x.lib</file>
         <name>int60.obj</name>
      </input_file>
      <input_file id="fl-59">
         <path>/opt/ti/ccsv6/tools/compiler/msp430_4.3.3/lib/</path>
         <kind>archive</kind>
         <file>rts430x.lib</file>
         <name>int61.obj</name>
      </input_file>
      <input_file id="fl-5a">
         <path>/opt/ti/ccsv6/tools/compiler/msp430_4.3.3/lib/</path>
         <kind>archive</kind>
         <file>rts430x.lib</file>
         <name>int62.obj</name>
      </input_file>
      <input_file id="fl-5b">
         <path>/opt/ti/ccsv6/tools/compiler/msp430_4.3.3/lib/</path>
         <kind>archive</kind>
         <file>rts430x.lib</file>
         <name>isr_trap.obj</name>
      </input_file>
      <input_file id="fl-5c">
         <path>/opt/ti/ccsv6/tools/compiler/msp430_4.3.3/lib/</path>
         <kind>archive</kind>
         <file>rts430x.lib</file>
         <name>lsl32.obj</name>
      </input_file>
      <input_file id="fl-5d">
         <path>/opt/ti/ccsv6/tools/compiler/msp430_4.3.3/lib/</path>
         <kind>archive</kind>
         <file>rts430x.lib</file>
         <name>lsr32.obj</name>
      </input_file>
      <input_file id="fl-63">
         <path>/opt/ti/ccsv6/tools/compiler/msp430_4.3.3/lib/</path>
         <kind>archive</kind>
         <file>rts430x.lib</file>
         <name>mult16_f5hw.obj</name>
      </input_file>
      <input_file id="fl-64">
         <path>/opt/ti/ccsv6/tools/compiler/msp430_4.3.3/lib/</path>
         <kind>archive</kind>
         <file>rts430x.lib</file>
         <name>mult32_f5hw.obj</name>
      </input_file>
      <input_file id="fl-67">
         <path>/opt/ti/ccsv6/tools/compiler/msp430_4.3.3/lib/</path>
         <kind>archive</kind>
         <file>rts430x.lib</file>
         <name>args_main.obj</name>
      </input_file>
      <input_file id="fl-68">
         <path>/opt/ti/ccsv6/tools/compiler/msp430_4.3.3/lib/</path>
         <kind>archive</kind>
         <file>rts430x.lib</file>
         <name>autoinit.obj</name>
      </input_file>
      <input_file id="fl-69">
         <path>/tmp/</path>
         <kind>object</kind>
         <file>11083HbfR9C</file>
         <name>11083HbfR9C</name>
      </input_file>
      <input_file id="fl-6a">
         <path>/opt/ti/ccsv6/tools/compiler/msp430_4.3.3/lib/</path>
         <kind>archive</kind>
         <file>rts430x.lib</file>
         <name>copy_decompress_none.obj</name>
      </input_file>
      <input_file id="fl-6b">
         <path>/opt/ti/ccsv6/tools/compiler/msp430_4.3.3/lib/</path>
         <kind>archive</kind>
         <file>rts430x.lib</file>
         <name>copy_decompress_rle.obj</name>
      </input_file>
      <input_file id="fl-6c">
         <path>/opt/ti/ccsv6/tools/compiler/msp430_4.3.3/lib/</path>
         <kind>archive</kind>
         <file>rts430x.lib</file>
         <name>copy_zero_init.obj</name>
      </input_file>
   </input_file_list>
   <object_component_list>
      <object_component id="oc-77">
         <name>.bss</name>
         <uninitialized>true</uninitialized>
         <run_address>0x1d30</run_address>
         <size>0x45</size>
         <input_file_ref idref="fl-2a"/>
      </object_component>
      <object_component id="oc-82">
         <name>.bss</name>
         <uninitialized>true</uninitialized>
         <run_address>0x1ede</run_address>
         <size>0x6</size>
         <input_file_ref idref="fl-33"/>
      </object_component>
      <object_component id="oc-88">
         <name>.bss</name>
         <uninitialized>true</uninitialized>
         <run_address>0x1eae</run_address>
         <size>0x8</size>
         <input_file_ref idref="fl-34"/>
      </object_component>
      <object_component id="oc-8e">
         <name>.bss</name>
         <uninitialized>true</uninitialized>
         <run_address>0x1e5c</run_address>
         <size>0xc</size>
         <input_file_ref idref="fl-35"/>
      </object_component>
      <object_component id="oc-94">
         <name>.bss</name>
         <uninitialized>true</uninitialized>
         <run_address>0x1dd0</run_address>
         <size>0x1c</size>
         <input_file_ref idref="fl-36"/>
      </object_component>
      <object_component id="oc-99">
         <name>.bss</name>
         <uninitialized>true</uninitialized>
         <run_address>0x1ef0</run_address>
         <size>0x5</size>
         <input_file_ref idref="fl-37"/>
      </object_component>
      <object_component id="oc-9f">
         <name>.bss</name>
         <uninitialized>true</uninitialized>
         <run_address>0x1ef6</run_address>
         <size>0x4</size>
         <input_file_ref idref="fl-38"/>
      </object_component>
      <object_component id="oc-a4">
         <name>.bss</name>
         <uninitialized>true</uninitialized>
         <run_address>0x1e68</run_address>
         <size>0xa</size>
         <input_file_ref idref="fl-39"/>
      </object_component>
      <object_component id="oc-ad">
         <name>.bss</name>
         <uninitialized>true</uninitialized>
         <run_address>0x1ece</run_address>
         <size>0x8</size>
         <input_file_ref idref="fl-3b"/>
      </object_component>
      <object_component id="oc-122">
         <name>.bss</name>
         <uninitialized>true</uninitialized>
         <run_address>0x1c8c</run_address>
         <size>0x5e</size>
         <input_file_ref idref="fl-27"/>
      </object_component>
      <object_component id="oc-123">
         <name>.bss</name>
         <uninitialized>true</uninitialized>
         <run_address>0x1e90</run_address>
         <size>0xa</size>
         <input_file_ref idref="fl-29"/>
      </object_component>
      <object_component id="oc-125">
         <name>.bss</name>
         <uninitialized>true</uninitialized>
         <run_address>0x1efe</run_address>
         <size>0x4</size>
         <input_file_ref idref="fl-19"/>
      </object_component>
      <object_component id="oc-126">
         <name>.bss</name>
         <uninitialized>true</uninitialized>
         <run_address>0x1eb6</run_address>
         <size>0x8</size>
         <input_file_ref idref="fl-15"/>
      </object_component>
      <object_component id="oc-127">
         <name>.bss</name>
         <uninitialized>true</uninitialized>
         <run_address>0x1eea</run_address>
         <size>0x6</size>
         <input_file_ref idref="fl-1d"/>
      </object_component>
      <object_component id="oc-128">
         <name>.bss</name>
         <uninitialized>true</uninitialized>
         <run_address>0x1e32</run_address>
         <size>0xe</size>
         <input_file_ref idref="fl-14"/>
      </object_component>
      <object_component id="oc-129">
         <name>.bss</name>
         <uninitialized>true</uninitialized>
         <run_address>0x1cea</run_address>
         <size>0x46</size>
         <input_file_ref idref="fl-1b"/>
      </object_component>
      <object_component id="oc-12a">
         <name>.bss</name>
         <uninitialized>true</uninitialized>
         <run_address>0x1edd</run_address>
         <size>0x1</size>
         <input_file_ref idref="fl-1a"/>
      </object_component>
      <object_component id="oc-12b">
         <name>.bss</name>
         <uninitialized>true</uninitialized>
         <run_address>0x1e20</run_address>
         <size>0x12</size>
         <input_file_ref idref="fl-2"/>
      </object_component>
      <object_component id="oc-12c">
         <name>.bss</name>
         <uninitialized>true</uninitialized>
         <run_address>0x1ea4</run_address>
         <size>0x9</size>
         <input_file_ref idref="fl-5"/>
      </object_component>
      <object_component id="oc-12d">
         <name>.bss</name>
         <uninitialized>true</uninitialized>
         <run_address>0x1e86</run_address>
         <size>0xa</size>
         <input_file_ref idref="fl-6"/>
      </object_component>
      <object_component id="oc-12e">
         <name>.bss</name>
         <uninitialized>true</uninitialized>
         <run_address>0x1f06</run_address>
         <size>0x3</size>
         <input_file_ref idref="fl-7"/>
      </object_component>
      <object_component id="oc-12f">
         <name>.bss</name>
         <uninitialized>true</uninitialized>
         <run_address>0x1ead</run_address>
         <size>0x1</size>
         <input_file_ref idref="fl-8"/>
      </object_component>
      <object_component id="oc-130">
         <name>.bss</name>
         <uninitialized>true</uninitialized>
         <run_address>0x1db2</run_address>
         <size>0x1d</size>
         <input_file_ref idref="fl-a"/>
      </object_component>
      <object_component id="oc-131">
         <name>.bss</name>
         <uninitialized>true</uninitialized>
         <run_address>0x1c00</run_address>
         <size>0x8c</size>
         <input_file_ref idref="fl-b"/>
      </object_component>
      <object_component id="oc-132">
         <name>.bss</name>
         <uninitialized>true</uninitialized>
         <run_address>0x1ea3</run_address>
         <size>0x1</size>
         <input_file_ref idref="fl-c"/>
      </object_component>
      <object_component id="oc-133">
         <name>.bss</name>
         <uninitialized>true</uninitialized>
         <run_address>0x1e7c</run_address>
         <size>0xa</size>
         <input_file_ref idref="fl-d"/>
      </object_component>
      <object_component id="oc-136">
         <name>.bss</name>
         <uninitialized>true</uninitialized>
         <run_address>0x1e9a</run_address>
         <size>0x9</size>
         <input_file_ref idref="fl-e"/>
      </object_component>
      <object_component id="oc-137">
         <name>.bss</name>
         <uninitialized>true</uninitialized>
         <run_address>0x1d76</run_address>
         <size>0x3c</size>
         <input_file_ref idref="fl-f"/>
      </object_component>
      <object_component id="oc-139">
         <name>.bss</name>
         <uninitialized>true</uninitialized>
         <run_address>0x1dcf</run_address>
         <size>0x1</size>
         <input_file_ref idref="fl-11"/>
      </object_component>
      <object_component id="oc-13a">
         <name>.bss</name>
         <uninitialized>true</uninitialized>
         <run_address>0x1d75</run_address>
         <size>0x1</size>
         <input_file_ref idref="fl-21"/>
      </object_component>
      <object_component id="oc-13b">
         <name>.bss</name>
         <uninitialized>true</uninitialized>
         <run_address>0x1e72</run_address>
         <size>0xa</size>
         <input_file_ref idref="fl-12"/>
      </object_component>
      <object_component id="oc-13c">
         <name>.bss</name>
         <uninitialized>true</uninitialized>
         <run_address>0x1e40</run_address>
         <size>0xe</size>
         <input_file_ref idref="fl-17"/>
      </object_component>
      <object_component id="oc-13d">
         <name>.bss</name>
         <uninitialized>true</uninitialized>
         <run_address>0x1efa</run_address>
         <size>0x4</size>
         <input_file_ref idref="fl-13"/>
      </object_component>
      <object_component id="oc-13e">
         <name>.bss</name>
         <uninitialized>true</uninitialized>
         <run_address>0x1dec</run_address>
         <size>0x1a</size>
         <input_file_ref idref="fl-16"/>
      </object_component>
      <object_component id="oc-13f">
         <name>.bss</name>
         <uninitialized>true</uninitialized>
         <run_address>0x1ee4</run_address>
         <size>0x6</size>
         <input_file_ref idref="fl-18"/>
      </object_component>
      <object_component id="oc-140">
         <name>.bss</name>
         <uninitialized>true</uninitialized>
         <run_address>0x1e4e</run_address>
         <size>0xe</size>
         <input_file_ref idref="fl-1c"/>
      </object_component>
      <object_component id="oc-141">
         <name>.bss</name>
         <uninitialized>true</uninitialized>
         <run_address>0x1f02</run_address>
         <size>0x3</size>
         <input_file_ref idref="fl-20"/>
      </object_component>
      <object_component id="oc-142">
         <name>.bss</name>
         <uninitialized>true</uninitialized>
         <run_address>0x1e06</run_address>
         <size>0x1a</size>
         <input_file_ref idref="fl-23"/>
      </object_component>
      <object_component id="oc-143">
         <name>.bss</name>
         <uninitialized>true</uninitialized>
         <run_address>0x1ed6</run_address>
         <size>0x7</size>
         <input_file_ref idref="fl-2d"/>
      </object_component>
      <object_component id="oc-144">
         <name>.bss</name>
         <uninitialized>true</uninitialized>
         <run_address>0x1ebe</run_address>
         <size>0x8</size>
         <input_file_ref idref="fl-24"/>
      </object_component>
      <object_component id="oc-145">
         <name>.bss</name>
         <uninitialized>true</uninitialized>
         <run_address>0x1ec6</run_address>
         <size>0x8</size>
         <input_file_ref idref="fl-66"/>
      </object_component>
      <object_component id="oc-af">
         <name>.stack</name>
         <uninitialized>true</uninitialized>
         <run_address>0x2bac</run_address>
         <size>0x2</size>
         <input_file_ref idref="fl-3b"/>
      </object_component>
      <object_component id="oc-2ae">
         <name>.stack</name>
         <uninitialized>true</uninitialized>
         <run_address>0x2bac</run_address>
         <size>0x0</size>
      </object_component>
      <object_component id="oc-162">
         <name>.text:_isr:TIMER0_A0_ISR</name>
         <load_address>0x8000</load_address>
         <run_address>0x8000</run_address>
         <size>0x2be</size>
         <input_file_ref idref="fl-2d"/>
      </object_component>
      <object_component id="oc-1dd">
         <name>.text:conv_pa_to_meter</name>
         <load_address>0x82be</load_address>
         <run_address>0x82be</run_address>
         <size>0x294</size>
         <input_file_ref idref="fl-2a"/>
      </object_component>
      <object_component id="oc-1e1">
         <name>.text:BRRX__Scheduler_v</name>
         <load_address>0x8552</load_address>
         <run_address>0x8552</run_address>
         <size>0x284</size>
         <input_file_ref idref="fl-35"/>
      </object_component>
      <object_component id="oc-197">
         <name>.text:test_mode</name>
         <load_address>0x87d6</load_address>
         <run_address>0x87d6</run_address>
         <size>0x27a</size>
         <input_file_ref idref="fl-1e"/>
      </object_component>
      <object_component id="oc-1af">
         <name>.text:set_value</name>
         <load_address>0x8a50</load_address>
         <run_address>0x8a50</run_address>
         <size>0x238</size>
         <input_file_ref idref="fl-1f"/>
      </object_component>
      <object_component id="oc-15a">
         <name>.text:_isr:PORT2_ISR</name>
         <load_address>0x8c88</load_address>
         <run_address>0x8c88</run_address>
         <size>0x200</size>
         <input_file_ref idref="fl-29"/>
      </object_component>
      <object_component id="oc-22a">
         <name>.text:MRFI_Init</name>
         <load_address>0x8e88</load_address>
         <run_address>0x8e88</run_address>
         <size>0x1f6</size>
         <input_file_ref idref="fl-f"/>
      </object_component>
      <object_component id="oc-165">
         <name>.text:mx_time</name>
         <load_address>0x907e</load_address>
         <run_address>0x907e</run_address>
         <size>0x1e4</size>
         <input_file_ref idref="fl-17"/>
      </object_component>
      <object_component id="oc-1b6">
         <name>.text:update_pressure_table</name>
         <load_address>0x9262</load_address>
         <run_address>0x9262</run_address>
         <size>0x1d6</size>
         <input_file_ref idref="fl-2a"/>
      </object_component>
      <object_component id="oc-18d">
         <name>.text:mx_caldist</name>
         <load_address>0x9438</load_address>
         <run_address>0x9438</run_address>
         <size>0x1ca</size>
         <input_file_ref idref="fl-16"/>
      </object_component>
      <object_component id="oc-166">
         <name>.text:display_time</name>
         <load_address>0x9602</load_address>
         <run_address>0x9602</run_address>
         <size>0x1ba</size>
         <input_file_ref idref="fl-17"/>
      </object_component>
      <object_component id="oc-169">
         <name>.text:mx_date</name>
         <load_address>0x97bc</load_address>
         <run_address>0x97bc</run_address>
         <size>0x194</size>
         <input_file_ref idref="fl-18"/>
      </object_component>
      <object_component id="oc-1dc">
         <name>.text:bmp_ps_get_pa</name>
         <load_address>0x9950</load_address>
         <run_address>0x9950</run_address>
         <size>0x192</size>
         <input_file_ref idref="fl-23"/>
      </object_component>
      <object_component id="oc-17e">
         <name>.text:display_acceleration</name>
         <load_address>0x9ae2</load_address>
         <run_address>0x9ae2</run_address>
         <size>0x184</size>
         <input_file_ref idref="fl-12"/>
      </object_component>
      <object_component id="oc-22b">
         <name>.text:nwk_nwkInit</name>
         <load_address>0x9c66</load_address>
         <run_address>0x9c66</run_address>
         <size>0x16e</size>
         <input_file_ref idref="fl-a"/>
      </object_component>
      <object_component id="oc-252">
         <name>.text:smpl_send_link_reply$4</name>
         <load_address>0x9dd4</load_address>
         <run_address>0x9dd4</run_address>
         <size>0x164</size>
         <input_file_ref idref="fl-6"/>
      </object_component>
      <object_component id="oc-195">
         <name>.text:init_application</name>
         <load_address>0x9f38</load_address>
         <run_address>0x9f38</run_address>
         <size>0x162</size>
         <input_file_ref idref="fl-2"/>
      </object_component>
      <object_component id="oc-242">
         <name>.text:MRFI_Transmit</name>
         <load_address>0xa09a</load_address>
         <run_address>0xa09a</run_address>
         <size>0x14c</size>
         <input_file_ref idref="fl-f"/>
      </object_component>
      <object_component id="oc-196">
         <name>.text:init_global_variables</name>
         <load_address>0xa1e6</load_address>
         <run_address>0xa1e6</run_address>
         <size>0x14a</size>
         <input_file_ref idref="fl-2"/>
      </object_component>
      <object_component id="oc-206">
         <name>.text:simpliciti_sync_decode_ap_cmd_callback</name>
         <load_address>0xa330</load_address>
         <run_address>0xa330</run_address>
         <size>0x14a</size>
         <input_file_ref idref="fl-1b"/>
      </object_component>
      <object_component id="oc-201">
         <name>.text:nwk_link</name>
         <load_address>0xa47a</load_address>
         <run_address>0xa47a</run_address>
         <size>0x148</size>
         <input_file_ref idref="fl-6"/>
      </object_component>
      <object_component id="oc-1fe">
         <name>.text:SMPL_Ioctl</name>
         <load_address>0xa5c2</load_address>
         <run_address>0xa5c2</run_address>
         <size>0x13c</size>
         <input_file_ref idref="fl-c"/>
      </object_component>
      <object_component id="oc-1e0">
         <name>.text:Mrfi_SyncPinRxIsr$13</name>
         <load_address>0xa6fe</load_address>
         <run_address>0xa6fe</run_address>
         <size>0x13a</size>
         <input_file_ref idref="fl-f"/>
      </object_component>
      <object_component id="oc-d2">
         <name>.text</name>
         <load_address>0xa838</load_address>
         <run_address>0xa838</run_address>
         <size>0x130</size>
         <input_file_ref idref="fl-45"/>
      </object_component>
      <object_component id="oc-19a">
         <name>.text:do_altitude_measurement</name>
         <load_address>0xa968</load_address>
         <run_address>0xa968</run_address>
         <size>0x12c</size>
         <input_file_ref idref="fl-14"/>
      </object_component>
      <object_component id="oc-182">
         <name>.text:display_stopwatch</name>
         <load_address>0xaa94</load_address>
         <run_address>0xaa94</run_address>
         <size>0x11c</size>
         <input_file_ref idref="fl-1c"/>
      </object_component>
      <object_component id="oc-22d">
         <name>.text:nwk_join</name>
         <load_address>0xabb0</load_address>
         <run_address>0xabb0</run_address>
         <size>0x11c</size>
         <input_file_ref idref="fl-5"/>
      </object_component>
      <object_component id="oc-198">
         <name>.text:wakeup_event</name>
         <load_address>0xaccc</load_address>
         <run_address>0xaccc</run_address>
         <size>0x11a</size>
         <input_file_ref idref="fl-2"/>
      </object_component>
      <object_component id="oc-1c9">
         <name>.text:start_simpliciti_tx_only</name>
         <load_address>0xade6</load_address>
         <run_address>0xade6</run_address>
         <size>0x112</size>
         <input_file_ref idref="fl-1b"/>
      </object_component>
      <object_component id="oc-21d">
         <name>.text:PacketMissed_v</name>
         <load_address>0xaef8</load_address>
         <run_address>0xaef8</run_address>
         <size>0x10c</size>
         <input_file_ref idref="fl-35"/>
      </object_component>
      <object_component id="oc-177">
         <name>.text:mx_altitude</name>
         <load_address>0xb004</load_address>
         <run_address>0xb004</run_address>
         <size>0x106</size>
         <input_file_ref idref="fl-14"/>
      </object_component>
      <object_component id="oc-217">
         <name>.text:dispatchFrame$11</name>
         <load_address>0xb10a</load_address>
         <run_address>0xb10a</run_address>
         <size>0x104</size>
         <input_file_ref idref="fl-d"/>
      </object_component>
      <object_component id="oc-18e">
         <name>.text:display_caldist</name>
         <load_address>0xb20e</load_address>
         <run_address>0xb20e</run_address>
         <size>0x104</size>
         <input_file_ref idref="fl-16"/>
      </object_component>
      <object_component id="oc-173">
         <name>.text:mx_temperature</name>
         <load_address>0xb312</load_address>
         <run_address>0xb312</run_address>
         <size>0x102</size>
         <input_file_ref idref="fl-1d"/>
      </object_component>
      <object_component id="oc-1a3">
         <name>.text:stopwatch_tick</name>
         <load_address>0xb414</load_address>
         <run_address>0xb414</run_address>
         <size>0x100</size>
         <input_file_ref idref="fl-1c"/>
      </object_component>
      <object_component id="oc-179">
         <name>.text:sx_bluerobin</name>
         <load_address>0xb514</load_address>
         <run_address>0xb514</run_address>
         <size>0xfe</size>
         <input_file_ref idref="fl-16"/>
      </object_component>
      <object_component id="oc-19e">
         <name>.text:display_update</name>
         <load_address>0xb612</load_address>
         <run_address>0xb612</run_address>
         <size>0xf6</size>
         <input_file_ref idref="fl-2"/>
      </object_component>
      <object_component id="oc-170">
         <name>.text:mx_alarm</name>
         <load_address>0xb708</load_address>
         <run_address>0xb708</run_address>
         <size>0xf2</size>
         <input_file_ref idref="fl-13"/>
      </object_component>
      <object_component id="oc-178">
         <name>.text:display_altitude</name>
         <load_address>0xb7fa</load_address>
         <run_address>0xb7fa</run_address>
         <size>0xf0</size>
         <input_file_ref idref="fl-14"/>
      </object_component>
      <object_component id="oc-174">
         <name>.text:display_temperature</name>
         <load_address>0xb8ea</load_address>
         <run_address>0xb8ea</run_address>
         <size>0xea</size>
         <input_file_ref idref="fl-1d"/>
      </object_component>
      <object_component id="oc-1d3">
         <name>.text:bmp_ps_init</name>
         <load_address>0xb9d4</load_address>
         <run_address>0xb9d4</run_address>
         <size>0xe6</size>
         <input_file_ref idref="fl-23"/>
      </object_component>
      <object_component id="oc-207">
         <name>.text:simpliciti_sync_get_data_callback</name>
         <load_address>0xbaba</load_address>
         <run_address>0xbaba</run_address>
         <size>0xe4</size>
         <input_file_ref idref="fl-1b"/>
      </object_component>
      <object_component id="oc-1cb">
         <name>.text:simpliciti_main_sync</name>
         <load_address>0xbb9e</load_address>
         <run_address>0xbb9e</run_address>
         <size>0xe2</size>
         <input_file_ref idref="fl-11"/>
      </object_component>
      <object_component id="oc-237">
         <name>.text:nwk_QfindOldest</name>
         <load_address>0xbc80</load_address>
         <run_address>0xbc80</run_address>
         <size>0xdc</size>
         <input_file_ref idref="fl-b"/>
      </object_component>
      <object_component id="oc-16a">
         <name>.text:display_date</name>
         <load_address>0xbd5c</load_address>
         <run_address>0xbd5c</run_address>
         <size>0xd6</size>
         <input_file_ref idref="fl-18"/>
      </object_component>
      <object_component id="oc-171">
         <name>.text:display_alarm</name>
         <load_address>0xbe32</load_address>
         <run_address>0xbe32</run_address>
         <size>0xd4</size>
         <input_file_ref idref="fl-13"/>
      </object_component>
      <object_component id="oc-22f">
         <name>.text:nwk_allocateLocalRxPort</name>
         <load_address>0xbf06</load_address>
         <run_address>0xbf06</run_address>
         <size>0xd2</size>
         <input_file_ref idref="fl-a"/>
      </object_component>
      <object_component id="oc-1ab">
         <name>.text:display_chars</name>
         <load_address>0xbfd8</load_address>
         <run_address>0xbfd8</run_address>
         <size>0xce</size>
         <input_file_ref idref="fl-27"/>
      </object_component>
      <object_component id="oc-1b2">
         <name>.text:int_to_array</name>
         <load_address>0xc0a6</load_address>
         <run_address>0xc0a6</run_address>
         <size>0xcc</size>
         <input_file_ref idref="fl-27"/>
      </object_component>
      <object_component id="oc-248">
         <name>.text:nwk_processLink</name>
         <load_address>0xc172</load_address>
         <run_address>0xc172</run_address>
         <size>0xcc</size>
         <input_file_ref idref="fl-6"/>
      </object_component>
      <object_component id="oc-1ca">
         <name>.text:simpliciti_link</name>
         <load_address>0xc23e</load_address>
         <run_address>0xc23e</run_address>
         <size>0xca</size>
         <input_file_ref idref="fl-11"/>
      </object_component>
      <object_component id="oc-17c">
         <name>.text:display_speed</name>
         <load_address>0xc308</load_address>
         <run_address>0xc308</run_address>
         <size>0xc8</size>
         <input_file_ref idref="fl-16"/>
      </object_component>
      <object_component id="oc-1d5">
         <name>.text:read_calibration_values</name>
         <load_address>0xc3d0</load_address>
         <run_address>0xc3d0</run_address>
         <size>0xc4</size>
         <input_file_ref idref="fl-2"/>
      </object_component>
      <object_component id="oc-18a">
         <name>.text:sx_sync</name>
         <load_address>0xc494</load_address>
         <run_address>0xc494</run_address>
         <size>0xbc</size>
         <input_file_ref idref="fl-1b"/>
      </object_component>
      <object_component id="oc-220">
         <name>.text:SearchPacketHit_u8</name>
         <load_address>0xc550</load_address>
         <run_address>0xc550</run_address>
         <size>0xb6</size>
         <input_file_ref idref="fl-35"/>
      </object_component>
      <object_component id="oc-e6">
         <name>.text</name>
         <load_address>0xc606</load_address>
         <run_address>0xc606</run_address>
         <size>0xb6</size>
         <input_file_ref idref="fl-49"/>
      </object_component>
      <object_component id="oc-208">
         <name>.text:Strobe</name>
         <load_address>0xc6bc</load_address>
         <run_address>0xc6bc</run_address>
         <size>0xa4</size>
         <input_file_ref idref="fl-2c"/>
      </object_component>
      <object_component id="oc-1a5">
         <name>.text:clock_tick</name>
         <load_address>0xc760</load_address>
         <run_address>0xc760</run_address>
         <size>0xa4</size>
         <input_file_ref idref="fl-17"/>
      </object_component>
      <object_component id="oc-1fd">
         <name>.text:simpliciti_get_ed_data_callback</name>
         <load_address>0xc804</load_address>
         <run_address>0xc804</run_address>
         <size>0x9e</size>
         <input_file_ref idref="fl-1b"/>
      </object_component>
      <object_component id="oc-205">
         <name>.text:nwk_retrieveFrame</name>
         <load_address>0xc8a2</load_address>
         <run_address>0xc8a2</run_address>
         <size>0x9c</size>
         <input_file_ref idref="fl-d"/>
      </object_component>
      <object_component id="oc-199">
         <name>.text:temperature_measurement</name>
         <load_address>0xc93e</load_address>
         <run_address>0xc93e</run_address>
         <size>0x98</size>
         <input_file_ref idref="fl-1d"/>
      </object_component>
      <object_component id="oc-1aa">
         <name>.text:get_bluerobin_data</name>
         <load_address>0xc9d6</load_address>
         <run_address>0xc9d6</run_address>
         <size>0x90</size>
         <input_file_ref idref="fl-16"/>
      </object_component>
      <object_component id="oc-dc">
         <name>.text</name>
         <load_address>0xca66</load_address>
         <run_address>0xca66</run_address>
         <size>0x8e</size>
         <input_file_ref idref="fl-47"/>
      </object_component>
      <object_component id="oc-15e">
         <name>.text:main</name>
         <load_address>0xcaf4</load_address>
         <run_address>0xcaf4</run_address>
         <size>0x8c</size>
         <input_file_ref idref="fl-2"/>
      </object_component>
      <object_component id="oc-1e5">
         <name>.text:ps_i2c_sda</name>
         <load_address>0xcb80</load_address>
         <run_address>0xcb80</run_address>
         <size>0x8c</size>
         <input_file_ref idref="fl-2a"/>
      </object_component>
      <object_component id="oc-200">
         <name>.text:SMPL_Init</name>
         <load_address>0xcc0c</load_address>
         <run_address>0xcc0c</run_address>
         <size>0x8a</size>
         <input_file_ref idref="fl-c"/>
      </object_component>
      <object_component id="oc-227">
         <name>.text:nwk_buildFrame</name>
         <load_address>0xcc96</load_address>
         <run_address>0xcc96</run_address>
         <size>0x8a</size>
         <input_file_ref idref="fl-d"/>
      </object_component>
      <object_component id="oc-1d0">
         <name>.text:SetVCore</name>
         <load_address>0xcd20</load_address>
         <run_address>0xcd20</run_address>
         <size>0x88</size>
         <input_file_ref idref="fl-28"/>
      </object_component>
      <object_component id="oc-23d">
         <name>.text:GetData_v</name>
         <load_address>0xcda8</load_address>
         <run_address>0xcda8</run_address>
         <size>0x86</size>
         <input_file_ref idref="fl-35"/>
      </object_component>
      <object_component id="oc-24d">
         <name>.text:TrimACLK_Offset_v</name>
         <load_address>0xce2e</load_address>
         <run_address>0xce2e</run_address>
         <size>0x86</size>
         <input_file_ref idref="fl-35"/>
      </object_component>
      <object_component id="oc-161">
         <name>.text:_isr:TIMER0_A1_5_ISR</name>
         <load_address>0xceb4</load_address>
         <run_address>0xceb4</run_address>
         <size>0x84</size>
         <input_file_ref idref="fl-2d"/>
      </object_component>
      <object_component id="oc-1b4">
         <name>.text:get_numberOfDays</name>
         <load_address>0xcf38</load_address>
         <run_address>0xcf38</run_address>
         <size>0x82</size>
         <input_file_ref idref="fl-18"/>
      </object_component>
      <object_component id="oc-1e3">
         <name>.text:BRRX_RadioReceive_v</name>
         <load_address>0xcfba</load_address>
         <run_address>0xcfba</run_address>
         <size>0x7e</size>
         <input_file_ref idref="fl-33"/>
      </object_component>
      <object_component id="oc-23c">
         <name>.text:nwk_sendAckReply</name>
         <load_address>0xd038</load_address>
         <run_address>0xd038</run_address>
         <size>0x7c</size>
         <input_file_ref idref="fl-d"/>
      </object_component>
      <object_component id="oc-216">
         <name>.text:nwk_QfindSlot</name>
         <load_address>0xd0b4</load_address>
         <run_address>0xd0b4</run_address>
         <size>0x76</size>
         <input_file_ref idref="fl-b"/>
      </object_component>
      <object_component id="oc-22e">
         <name>.text:nwk_getNextConnection</name>
         <load_address>0xd12a</load_address>
         <run_address>0xd12a</run_address>
         <size>0x76</size>
         <input_file_ref idref="fl-a"/>
      </object_component>
      <object_component id="oc-229">
         <name>.text:nwk_radioControl</name>
         <load_address>0xd1a0</load_address>
         <run_address>0xd1a0</run_address>
         <size>0x76</size>
         <input_file_ref idref="fl-4"/>
      </object_component>
      <object_component id="oc-218">
         <name>.text:mrfiRadioInterfaceCmdStrobe</name>
         <load_address>0xd216</load_address>
         <run_address>0xd216</run_address>
         <size>0x74</size>
         <input_file_ref idref="fl-f"/>
      </object_component>
      <object_component id="oc-1b5">
         <name>.text:display_char</name>
         <load_address>0xd28a</load_address>
         <run_address>0xd28a</run_address>
         <size>0x72</size>
         <input_file_ref idref="fl-27"/>
      </object_component>
      <object_component id="oc-1d9">
         <name>.text:ps_read_register</name>
         <load_address>0xd2fc</load_address>
         <run_address>0xd2fc</run_address>
         <size>0x72</size>
         <input_file_ref idref="fl-2a"/>
      </object_component>
      <object_component id="oc-1f4">
         <name>.text:BRRX_RadioInit_v</name>
         <load_address>0xd36e</load_address>
         <run_address>0xd36e</run_address>
         <size>0x70</size>
         <input_file_ref idref="fl-33"/>
      </object_component>
      <object_component id="oc-19d">
         <name>.text:battery_measurement</name>
         <load_address>0xd3de</load_address>
         <run_address>0xd3de</run_address>
         <size>0x6e</size>
         <input_file_ref idref="fl-15"/>
      </object_component>
      <object_component id="oc-1f3">
         <name>.text:ResetTXCB_v</name>
         <load_address>0xd44c</load_address>
         <run_address>0xd44c</run_address>
         <size>0x6a</size>
         <input_file_ref idref="fl-38"/>
      </object_component>
      <object_component id="oc-1db">
         <name>.text:cma_ps_get_pa</name>
         <load_address>0xd4b6</load_address>
         <run_address>0xd4b6</run_address>
         <size>0x6a</size>
         <input_file_ref idref="fl-26"/>
      </object_component>
      <object_component id="oc-226">
         <name>.text:WritePATable</name>
         <load_address>0xd520</load_address>
         <run_address>0xd520</run_address>
         <size>0x68</size>
         <input_file_ref idref="fl-2c"/>
      </object_component>
      <object_component id="oc-1d7">
         <name>.text:adc12_single_conversion</name>
         <load_address>0xd588</load_address>
         <run_address>0xd588</run_address>
         <size>0x68</size>
         <input_file_ref idref="fl-20"/>
      </object_component>
      <object_component id="oc-247">
         <name>.text:nwk_processPing</name>
         <load_address>0xd5f0</load_address>
         <run_address>0xd5f0</run_address>
         <size>0x66</size>
         <input_file_ref idref="fl-8"/>
      </object_component>
      <object_component id="oc-1c6">
         <name>.text:bmp_as_start</name>
         <load_address>0xd656</load_address>
         <run_address>0xd656</run_address>
         <size>0x64</size>
         <input_file_ref idref="fl-22"/>
      </object_component>
      <object_component id="oc-1d4">
         <name>.text:cma_ps_init</name>
         <load_address>0xd6ba</load_address>
         <run_address>0xd6ba</run_address>
         <size>0x64</size>
         <input_file_ref idref="fl-26"/>
      </object_component>
      <object_component id="oc-1a1">
         <name>.text:MRFI_RadioIsr</name>
         <load_address>0xd71e</load_address>
         <run_address>0xd71e</run_address>
         <size>0x62</size>
         <input_file_ref idref="fl-f"/>
      </object_component>
      <object_component id="oc-18f">
         <name>.text:Timer0_A4_Delay</name>
         <load_address>0xd780</load_address>
         <run_address>0xd780</run_address>
         <size>0x62</size>
         <input_file_ref idref="fl-2d"/>
      </object_component>
      <object_component id="oc-1ff">
         <name>.text:SMPL_SendOpt</name>
         <load_address>0xd7e2</load_address>
         <run_address>0xd7e2</run_address>
         <size>0x60</size>
         <input_file_ref idref="fl-c"/>
      </object_component>
      <object_component id="oc-1de">
         <name>.text:as_read_register</name>
         <load_address>0xd842</load_address>
         <run_address>0xd842</run_address>
         <size>0x60</size>
         <input_file_ref idref="fl-21"/>
      </object_component>
      <object_component id="oc-1fc">
         <name>.text:as_write_register</name>
         <load_address>0xd8a2</load_address>
         <run_address>0xd8a2</run_address>
         <size>0x60</size>
         <input_file_ref idref="fl-21"/>
      </object_component>
      <object_component id="oc-1b7">
         <name>.text:start_altitude_measurement</name>
         <load_address>0xd902</load_address>
         <run_address>0xd902</run_address>
         <size>0x60</size>
         <input_file_ref idref="fl-14"/>
      </object_component>
      <object_component id="oc-1df">
         <name>.text:BRRX_PacketEndTimerTask_v</name>
         <load_address>0xd962</load_address>
         <run_address>0xd962</run_address>
         <size>0x5e</size>
         <input_file_ref idref="fl-33"/>
      </object_component>
      <object_component id="oc-23e">
         <name>.text:PrepareForFirstPacket_v</name>
         <load_address>0xd9c0</load_address>
         <run_address>0xd9c0</run_address>
         <size>0x5c</size>
         <input_file_ref idref="fl-35"/>
      </object_component>
      <object_component id="oc-184">
         <name>.text:display_battery_V</name>
         <load_address>0xda1c</load_address>
         <run_address>0xda1c</run_address>
         <size>0x5c</size>
         <input_file_ref idref="fl-15"/>
      </object_component>
      <object_component id="oc-1ce">
         <name>.text:toggle_buzzer</name>
         <load_address>0xda78</load_address>
         <run_address>0xda78</run_address>
         <size>0x5c</size>
         <input_file_ref idref="fl-24"/>
      </object_component>
      <object_component id="oc-1c0">
         <name>.text:BRRX_Start_v</name>
         <load_address>0xdad4</load_address>
         <run_address>0xdad4</run_address>
         <size>0x58</size>
         <input_file_ref idref="fl-38"/>
      </object_component>
      <object_component id="oc-1f6">
         <name>.text:BRRX__StartNewSearch_v</name>
         <load_address>0xdb2c</load_address>
         <run_address>0xdb2c</run_address>
         <size>0x58</size>
         <input_file_ref idref="fl-35"/>
      </object_component>
      <object_component id="oc-1ad">
         <name>.text:clear_line</name>
         <load_address>0xdb84</load_address>
         <run_address>0xdb84</run_address>
         <size>0x58</size>
         <input_file_ref idref="fl-27"/>
      </object_component>
      <object_component id="oc-1a6">
         <name>.text:ps_write_register</name>
         <load_address>0xdbdc</load_address>
         <run_address>0xdbdc</run_address>
         <size>0x58</size>
         <input_file_ref idref="fl-2a"/>
      </object_component>
      <object_component id="oc-c8">
         <name>.text</name>
         <load_address>0xdc34</load_address>
         <run_address>0xdc34</run_address>
         <size>0x58</size>
         <input_file_ref idref="fl-43"/>
      </object_component>
      <object_component id="oc-1e8">
         <name>.text:write_lcd_mem</name>
         <load_address>0xdc8c</load_address>
         <run_address>0xdc8c</run_address>
         <size>0x58</size>
         <input_file_ref idref="fl-27"/>
      </object_component>
      <object_component id="oc-1f5">
         <name>.text:BRRX_RadioCalibrate_v</name>
         <load_address>0xdce4</load_address>
         <run_address>0xdce4</run_address>
         <size>0x56</size>
         <input_file_ref idref="fl-33"/>
      </object_component>
      <object_component id="oc-1b1">
         <name>.text:display_hours</name>
         <load_address>0xdd3a</load_address>
         <run_address>0xdd3a</run_address>
         <size>0x54</size>
         <input_file_ref idref="fl-27"/>
      </object_component>
      <object_component id="oc-232">
         <name>.text:MRFI_ReplyDelay</name>
         <load_address>0xdd8e</load_address>
         <run_address>0xdd8e</run_address>
         <size>0x52</size>
         <input_file_ref idref="fl-f"/>
      </object_component>
      <object_component id="oc-21f">
         <name>.text:TestStartTime_v</name>
         <load_address>0xdde0</load_address>
         <run_address>0xdde0</run_address>
         <size>0x52</size>
         <input_file_ref idref="fl-35"/>
      </object_component>
      <object_component id="oc-1c5">
         <name>.text:cma_as_start</name>
         <load_address>0xde32</load_address>
         <run_address>0xde32</run_address>
         <size>0x52</size>
         <input_file_ref idref="fl-25"/>
      </object_component>
      <object_component id="oc-20b">
         <name>.text:ps_i2c_read</name>
         <load_address>0xde84</load_address>
         <run_address>0xde84</run_address>
         <size>0x52</size>
         <input_file_ref idref="fl-2a"/>
      </object_component>
      <object_component id="oc-19c">
         <name>.text:bmp_as_get_data</name>
         <load_address>0xded6</load_address>
         <run_address>0xded6</run_address>
         <size>0x50</size>
         <input_file_ref idref="fl-22"/>
      </object_component>
      <object_component id="oc-1ed">
         <name>.text:button_repeat_function</name>
         <load_address>0xdf26</load_address>
         <run_address>0xdf26</run_address>
         <size>0x50</size>
         <input_file_ref idref="fl-29"/>
      </object_component>
      <object_component id="oc-1d8">
         <name>.text:cma_ps_get_temp</name>
         <load_address>0xdf76</load_address>
         <run_address>0xdf76</run_address>
         <size>0x50</size>
         <input_file_ref idref="fl-26"/>
      </object_component>
      <object_component id="oc-17b">
         <name>.text:display_heartrate</name>
         <load_address>0xdfc6</load_address>
         <run_address>0xdfc6</run_address>
         <size>0x50</size>
         <input_file_ref idref="fl-16"/>
      </object_component>
      <object_component id="oc-16c">
         <name>.text:sx_rfbsl</name>
         <load_address>0xe016</load_address>
         <run_address>0xe016</run_address>
         <size>0x50</size>
         <input_file_ref idref="fl-1a"/>
      </object_component>
      <object_component id="oc-21a">
         <name>.text:SearchPacketCheck_u8</name>
         <load_address>0xe066</load_address>
         <run_address>0xe066</run_address>
         <size>0x4e</size>
         <input_file_ref idref="fl-35"/>
      </object_component>
      <object_component id="oc-f0">
         <name>.text</name>
         <load_address>0xe0b4</load_address>
         <run_address>0xe0b4</run_address>
         <size>0x4c</size>
         <input_file_ref idref="fl-4b"/>
      </object_component>
      <object_component id="oc-d7">
         <name>.text</name>
         <load_address>0xe100</load_address>
         <run_address>0xe100</run_address>
         <size>0x4a</size>
         <input_file_ref idref="fl-46"/>
      </object_component>
      <object_component id="oc-240">
         <name>.text:BR__CalcRandomTimeOffset_u16</name>
         <load_address>0xe14a</load_address>
         <run_address>0xe14a</run_address>
         <size>0x48</size>
         <input_file_ref idref="fl-39"/>
      </object_component>
      <object_component id="oc-15d">
         <name>.text:_auto_init</name>
         <load_address>0xe192</load_address>
         <run_address>0xe192</run_address>
         <size>0x48</size>
         <input_file_ref idref="fl-68"/>
      </object_component>
      <object_component id="oc-192">
         <name>.text:start_buzzer</name>
         <load_address>0xe1da</load_address>
         <run_address>0xe1da</run_address>
         <size>0x48</size>
         <input_file_ref idref="fl-24"/>
      </object_component>
      <object_component id="oc-1c2">
         <name>.text:stop_bluerobin</name>
         <load_address>0xe222</load_address>
         <run_address>0xe222</run_address>
         <size>0x48</size>
         <input_file_ref idref="fl-16"/>
      </object_component>
      <object_component id="oc-233">
         <name>.text:MRFI_RxIdle</name>
         <load_address>0xe26a</load_address>
         <run_address>0xe26a</run_address>
         <size>0x46</size>
         <input_file_ref idref="fl-f"/>
      </object_component>
      <object_component id="oc-20f">
         <name>.text:ReadBurstReg</name>
         <load_address>0xe2b0</load_address>
         <run_address>0xe2b0</run_address>
         <size>0x46</size>
         <input_file_ref idref="fl-2c"/>
      </object_component>
      <object_component id="oc-225">
         <name>.text:WriteBurstReg</name>
         <load_address>0xe2f6</load_address>
         <run_address>0xe2f6</run_address>
         <size>0x46</size>
         <input_file_ref idref="fl-2c"/>
      </object_component>
      <object_component id="oc-24c">
         <name>.text:nwk_processMgmt</name>
         <load_address>0xe33c</load_address>
         <run_address>0xe33c</run_address>
         <size>0x46</size>
         <input_file_ref idref="fl-7"/>
      </object_component>
      <object_component id="oc-eb">
         <name>.text</name>
         <load_address>0xe382</load_address>
         <run_address>0xe382</run_address>
         <size>0x46</size>
         <input_file_ref idref="fl-4a"/>
      </object_component>
      <object_component id="oc-211">
         <name>.text:mrfiRadioInterfaceReadReg</name>
         <load_address>0xe3c8</load_address>
         <run_address>0xe3c8</run_address>
         <size>0x44</size>
         <input_file_ref idref="fl-f"/>
      </object_component>
      <object_component id="oc-21c">
         <name>.text:PacketHit_u8</name>
         <load_address>0xe40c</load_address>
         <run_address>0xe40c</run_address>
         <size>0x42</size>
         <input_file_ref idref="fl-35"/>
      </object_component>
      <object_component id="oc-1e6">
         <name>.text:ps_i2c_write</name>
         <load_address>0xe44e</load_address>
         <run_address>0xe44e</run_address>
         <size>0x42</size>
         <input_file_ref idref="fl-2a"/>
      </object_component>
      <object_component id="oc-23f">
         <name>.text:BRRX__NewInfo_v</name>
         <load_address>0xe490</load_address>
         <run_address>0xe490</run_address>
         <size>0x40</size>
         <input_file_ref idref="fl-38"/>
      </object_component>
      <object_component id="oc-c3">
         <name>.text</name>
         <load_address>0xe4d0</load_address>
         <run_address>0xe4d0</run_address>
         <size>0x40</size>
         <input_file_ref idref="fl-42"/>
      </object_component>
      <object_component id="oc-1bf">
         <name>.text:BRRX_SetID_v</name>
         <load_address>0xe510</load_address>
         <run_address>0xe510</run_address>
         <size>0x3e</size>
         <input_file_ref idref="fl-38"/>
      </object_component>
      <object_component id="oc-210">
         <name>.text:BRRX__DecodePacket_u8</name>
         <load_address>0xe54e</load_address>
         <run_address>0xe54e</run_address>
         <size>0x3e</size>
         <input_file_ref idref="fl-37"/>
      </object_component>
      <object_component id="oc-20c">
         <name>.text:l_asr_const</name>
         <load_address>0xe58c</load_address>
         <run_address>0xe58c</run_address>
         <size>0x3e</size>
         <input_file_ref idref="fl-3a"/>
      </object_component>
      <object_component id="oc-1da">
         <name>.text:l_lsl_const</name>
         <load_address>0xe5ca</load_address>
         <run_address>0xe5ca</run_address>
         <size>0x3e</size>
         <input_file_ref idref="fl-5c"/>
      </object_component>
      <object_component id="oc-20d">
         <name>.text:l_lsr_const</name>
         <load_address>0xe608</load_address>
         <run_address>0xe608</run_address>
         <size>0x3e</size>
         <input_file_ref idref="fl-5d"/>
      </object_component>
      <object_component id="oc-1a4">
         <name>.text:BRRX_TimerTask_v</name>
         <load_address>0xe646</load_address>
         <run_address>0xe646</run_address>
         <size>0x3c</size>
         <input_file_ref idref="fl-34"/>
      </object_component>
      <object_component id="oc-1fb">
         <name>.text:as_start</name>
         <load_address>0xe682</load_address>
         <run_address>0xe682</run_address>
         <size>0x3c</size>
         <input_file_ref idref="fl-21"/>
      </object_component>
      <object_component id="oc-1a2">
         <name>.text:update_stopwatch_timer</name>
         <load_address>0xe6be</load_address>
         <run_address>0xe6be</run_address>
         <size>0x3c</size>
         <input_file_ref idref="fl-1c"/>
      </object_component>
      <object_component id="oc-1bd">
         <name>.text:WriteSingleReg</name>
         <load_address>0xe6fa</load_address>
         <run_address>0xe6fa</run_address>
         <size>0x3a</size>
         <input_file_ref idref="fl-2c"/>
      </object_component>
      <object_component id="oc-251">
         <name>.text:nwk_isValidReply</name>
         <load_address>0xe734</load_address>
         <run_address>0xe734</run_address>
         <size>0x3a</size>
         <input_file_ref idref="fl-a"/>
      </object_component>
      <object_component id="oc-1b9">
         <name>.text:BRRX_Init_v</name>
         <load_address>0xe76e</load_address>
         <run_address>0xe76e</run_address>
         <size>0x38</size>
         <input_file_ref idref="fl-38"/>
      </object_component>
      <object_component id="oc-160">
         <name>.text:_isr:radio_ISR</name>
         <load_address>0xe7a6</load_address>
         <run_address>0xe7a6</run_address>
         <size>0x38</size>
         <input_file_ref idref="fl-2b"/>
      </object_component>
      <object_component id="oc-22c">
         <name>.text:mrfiRadioInterfaceWriteReg</name>
         <load_address>0xe7de</load_address>
         <run_address>0xe7de</run_address>
         <size>0x36</size>
         <input_file_ref idref="fl-f"/>
      </object_component>
      <object_component id="oc-e1">
         <name>.text</name>
         <load_address>0xe814</load_address>
         <run_address>0xe814</run_address>
         <size>0x36</size>
         <input_file_ref idref="fl-48"/>
      </object_component>
      <object_component id="oc-239">
         <name>.text:BR__CalcCRC_u8</name>
         <load_address>0xe84a</load_address>
         <run_address>0xe84a</run_address>
         <size>0x34</size>
         <input_file_ref idref="fl-39"/>
      </object_component>
      <object_component id="oc-21e">
         <name>.text:TrimRFCLK_Offset_v</name>
         <load_address>0xe87e</load_address>
         <run_address>0xe87e</run_address>
         <size>0x34</size>
         <input_file_ref idref="fl-35"/>
      </object_component>
      <object_component id="oc-180">
         <name>.text:sx_stopwatch</name>
         <load_address>0xe8b2</load_address>
         <run_address>0xe8b2</run_address>
         <size>0x34</size>
         <input_file_ref idref="fl-1c"/>
      </object_component>
      <object_component id="oc-1e2">
         <name>.text:BRRX_RadioStop_v</name>
         <load_address>0xe8e6</load_address>
         <run_address>0xe8e6</run_address>
         <size>0x32</size>
         <input_file_ref idref="fl-33"/>
      </object_component>
      <object_component id="oc-231">
         <name>.text:MRFI_RxOn</name>
         <load_address>0xe918</load_address>
         <run_address>0xe918</run_address>
         <size>0x32</size>
         <input_file_ref idref="fl-f"/>
      </object_component>
      <object_component id="oc-1a8">
         <name>.text:as_stop</name>
         <load_address>0xe94a</load_address>
         <run_address>0xe94a</run_address>
         <size>0x32</size>
         <input_file_ref idref="fl-21"/>
      </object_component>
      <object_component id="oc-212">
         <name>.text:mrfiRadioInterfaceReadRxFifo</name>
         <load_address>0xe97c</load_address>
         <run_address>0xe97c</run_address>
         <size>0x32</size>
         <input_file_ref idref="fl-f"/>
      </object_component>
      <object_component id="oc-1d1">
         <name>.text:radio_reset</name>
         <load_address>0xe9ae</load_address>
         <run_address>0xe9ae</run_address>
         <size>0x32</size>
         <input_file_ref idref="fl-2b"/>
      </object_component>
      <object_component id="oc-f5">
         <name>.text</name>
         <load_address>0xe9e0</load_address>
         <run_address>0xe9e0</run_address>
         <size>0x32</size>
         <input_file_ref idref="fl-4c"/>
      </object_component>
      <object_component id="oc-16f">
         <name>.text:sx_alarm</name>
         <load_address>0xea12</load_address>
         <run_address>0xea12</run_address>
         <size>0x32</size>
         <input_file_ref idref="fl-13"/>
      </object_component>
      <object_component id="oc-228">
         <name>.text:nwk_sendFrame</name>
         <load_address>0xea44</load_address>
         <run_address>0xea44</run_address>
         <size>0x30</size>
         <input_file_ref idref="fl-d"/>
      </object_component>
      <object_component id="oc-238">
         <name>.text:nwk_QadjustOrder</name>
         <load_address>0xea74</load_address>
         <run_address>0xea74</run_address>
         <size>0x2e</size>
         <input_file_ref idref="fl-b"/>
      </object_component>
      <object_component id="oc-19b">
         <name>.text:cma_as_get_data</name>
         <load_address>0xeaa2</load_address>
         <run_address>0xeaa2</run_address>
         <size>0x2c</size>
         <input_file_ref idref="fl-25"/>
      </object_component>
      <object_component id="oc-b9">
         <name>.text</name>
         <load_address>0xeace</load_address>
         <run_address>0xeace</run_address>
         <size>0x2c</size>
         <input_file_ref idref="fl-40"/>
      </object_component>
      <object_component id="oc-1a7">
         <name>.text:stop_altitude_measurement</name>
         <load_address>0xeafa</load_address>
         <run_address>0xeafa</run_address>
         <size>0x2c</size>
         <input_file_ref idref="fl-14"/>
      </object_component>
      <object_component id="oc-1c1">
         <name>.text:BRRX_GetID_u32</name>
         <load_address>0xeb26</load_address>
         <run_address>0xeb26</run_address>
         <size>0x2a</size>
         <input_file_ref idref="fl-38"/>
      </object_component>
      <object_component id="oc-243">
         <name>.text:MRFI_SetRFPwr</name>
         <load_address>0xeb50</load_address>
         <run_address>0xeb50</run_address>
         <size>0x2a</size>
         <input_file_ref idref="fl-f"/>
      </object_component>
      <object_component id="oc-215">
         <name>.text:Mrfi_CalculateRssi$13</name>
         <load_address>0xeb7a</load_address>
         <run_address>0xeb7a</run_address>
         <size>0x2a</size>
         <input_file_ref idref="fl-f"/>
      </object_component>
      <object_component id="oc-221">
         <name>.text:SearchPacketMissed_u8</name>
         <load_address>0xeba4</load_address>
         <run_address>0xeba4</run_address>
         <size>0x2a</size>
         <input_file_ref idref="fl-35"/>
      </object_component>
      <object_component id="oc-1cf">
         <name>.text:Timer0_A3_Start</name>
         <load_address>0xebce</load_address>
         <run_address>0xebce</run_address>
         <size>0x2a</size>
         <input_file_ref idref="fl-2d"/>
      </object_component>
      <object_component id="oc-69">
         <name>.text:_isr:_c_int00_noexit</name>
         <load_address>0xebf8</load_address>
         <run_address>0xebf8</run_address>
         <size>0x2a</size>
         <input_file_ref idref="fl-3b"/>
      </object_component>
      <object_component id="oc-236">
         <name>.text:map_lid2idx$8</name>
         <load_address>0xec22</load_address>
         <run_address>0xec22</run_address>
         <size>0x28</size>
         <input_file_ref idref="fl-a"/>
      </object_component>
      <object_component id="oc-181">
         <name>.text:mx_stopwatch</name>
         <load_address>0xec4a</load_address>
         <run_address>0xec4a</run_address>
         <size>0x28</size>
         <input_file_ref idref="fl-1c"/>
      </object_component>
      <object_component id="oc-203">
         <name>.text:nwk_getConnInfo</name>
         <load_address>0xec72</load_address>
         <run_address>0xec72</run_address>
         <size>0x28</size>
         <input_file_ref idref="fl-a"/>
      </object_component>
      <object_component id="oc-193">
         <name>.text:stop_buzzer</name>
         <load_address>0xec9a</load_address>
         <run_address>0xec9a</run_address>
         <size>0x28</size>
         <input_file_ref idref="fl-24"/>
      </object_component>
      <object_component id="oc-234">
         <name>.text:MRFI_Sleep</name>
         <load_address>0xecc2</load_address>
         <run_address>0xecc2</run_address>
         <size>0x26</size>
         <input_file_ref idref="fl-f"/>
      </object_component>
      <object_component id="oc-16e">
         <name>.text:display_rfbsl</name>
         <load_address>0xece8</load_address>
         <run_address>0xece8</run_address>
         <size>0x26</size>
         <input_file_ref idref="fl-1a"/>
      </object_component>
      <object_component id="oc-1d6">
         <name>.text:init_pressure_table</name>
         <load_address>0xed0e</load_address>
         <run_address>0xed0e</run_address>
         <size>0x26</size>
         <input_file_ref idref="fl-2a"/>
      </object_component>
      <object_component id="oc-204">
         <name>.text:nwk_checkConnInfo</name>
         <load_address>0xed34</load_address>
         <run_address>0xed34</run_address>
         <size>0x26</size>
         <input_file_ref idref="fl-a"/>
      </object_component>
      <object_component id="oc-188">
         <name>.text:sx_ppt</name>
         <load_address>0xed5a</load_address>
         <run_address>0xed5a</run_address>
         <size>0x26</size>
         <input_file_ref idref="fl-1b"/>
      </object_component>
      <object_component id="oc-186">
         <name>.text:sx_rf</name>
         <load_address>0xed80</load_address>
         <run_address>0xed80</run_address>
         <size>0x26</size>
         <input_file_ref idref="fl-1b"/>
      </object_component>
      <object_component id="oc-1be">
         <name>.text:BRRX_GetState_t</name>
         <load_address>0xeda6</load_address>
         <run_address>0xeda6</run_address>
         <size>0x24</size>
         <input_file_ref idref="fl-38"/>
      </object_component>
      <object_component id="oc-20a">
         <name>.text:ps_init</name>
         <load_address>0xedca</load_address>
         <run_address>0xedca</run_address>
         <size>0x24</size>
         <input_file_ref idref="fl-2a"/>
      </object_component>
      <object_component id="oc-fa">
         <name>.text</name>
         <load_address>0xedee</load_address>
         <run_address>0xedee</run_address>
         <size>0x24</size>
         <input_file_ref idref="fl-4d"/>
      </object_component>
      <object_component id="oc-235">
         <name>.text:BSP_Delay</name>
         <load_address>0xee12</load_address>
         <run_address>0xee12</run_address>
         <size>0x22</size>
         <input_file_ref idref="fl-10"/>
      </object_component>
      <object_component id="oc-1b0">
         <name>.text:display_value</name>
         <load_address>0xee34</load_address>
         <run_address>0xee34</run_address>
         <size>0x22</size>
         <input_file_ref idref="fl-27"/>
      </object_component>
      <object_component id="oc-23a">
         <name>.text:memcmp</name>
         <load_address>0xee56</load_address>
         <run_address>0xee56</run_address>
         <size>0x22</size>
         <input_file_ref idref="fl-5e"/>
      </object_component>
      <object_component id="oc-111">
         <name>.text</name>
         <load_address>0xee78</load_address>
         <run_address>0xee78</run_address>
         <size>0x22</size>
         <input_file_ref idref="fl-64"/>
      </object_component>
      <object_component id="oc-17d">
         <name>.text:sx_acceleration</name>
         <load_address>0xee9a</load_address>
         <run_address>0xee9a</run_address>
         <size>0x22</size>
         <input_file_ref idref="fl-12"/>
      </object_component>
      <object_component id="oc-1eb">
         <name>.text:BRRX_GetDistance_u16</name>
         <load_address>0xeebc</load_address>
         <run_address>0xeebc</run_address>
         <size>0x20</size>
         <input_file_ref idref="fl-38"/>
      </object_component>
      <object_component id="oc-1ea">
         <name>.text:BRRX_GetSpeed_u8</name>
         <load_address>0xeedc</load_address>
         <run_address>0xeedc</run_address>
         <size>0x20</size>
         <input_file_ref idref="fl-38"/>
      </object_component>
      <object_component id="oc-1e4">
         <name>.text:SetAbsoluteTimer_v</name>
         <load_address>0xeefc</load_address>
         <run_address>0xeefc</run_address>
         <size>0x1e</size>
         <input_file_ref idref="fl-34"/>
      </object_component>
      <object_component id="oc-1a9">
         <name>.text:display_symbol</name>
         <load_address>0xef1a</load_address>
         <run_address>0xef1a</run_address>
         <size>0x1e</size>
         <input_file_ref idref="fl-27"/>
      </object_component>
      <object_component id="oc-246">
         <name>.text:memmove</name>
         <load_address>0xef38</load_address>
         <run_address>0xef38</run_address>
         <size>0x1e</size>
         <input_file_ref idref="fl-60"/>
      </object_component>
      <object_component id="oc-249">
         <name>.text:nwk_processJoin</name>
         <load_address>0xef56</load_address>
         <run_address>0xef56</run_address>
         <size>0x1e</size>
         <input_file_ref idref="fl-5"/>
      </object_component>
      <object_component id="oc-202">
         <name>.text:Mrfi_DelayUsec$13</name>
         <load_address>0xef74</load_address>
         <run_address>0xef74</run_address>
         <size>0x1c</size>
         <input_file_ref idref="fl-f"/>
      </object_component>
      <object_component id="oc-1ac">
         <name>.text:clear_display_all</name>
         <load_address>0xef90</load_address>
         <run_address>0xef90</run_address>
         <size>0x1c</size>
         <input_file_ref idref="fl-27"/>
      </object_component>
      <object_component id="oc-1cc">
         <name>.text:close_radio</name>
         <load_address>0xefac</load_address>
         <run_address>0xefac</run_address>
         <size>0x1c</size>
         <input_file_ref idref="fl-2b"/>
      </object_component>
      <object_component id="oc-230">
         <name>.text:nwk_putNumObjectIntoMsg</name>
         <load_address>0xefc8</load_address>
         <run_address>0xefc8</run_address>
         <size>0x1c</size>
         <input_file_ref idref="fl-a"/>
      </object_component>
      <object_component id="oc-21b">
         <name>.text:GetPacketTolerance_u8</name>
         <load_address>0xefe4</load_address>
         <run_address>0xefe4</run_address>
         <size>0x1a</size>
         <input_file_ref idref="fl-35"/>
      </object_component>
      <object_component id="oc-163">
         <name>.text:_isr:ADC12ISR</name>
         <load_address>0xeffe</load_address>
         <run_address>0xeffe</run_address>
         <size>0x1a</size>
         <input_file_ref idref="fl-20"/>
      </object_component>
      <object_component id="oc-1b3">
         <name>.text:display_am_pm_symbol</name>
         <load_address>0xf018</load_address>
         <run_address>0xf018</run_address>
         <size>0x1a</size>
         <input_file_ref idref="fl-27"/>
      </object_component>
      <object_component id="oc-191">
         <name>.text:stop_stopwatch</name>
         <load_address>0xf032</load_address>
         <run_address>0xf032</run_address>
         <size>0x1a</size>
         <input_file_ref idref="fl-1c"/>
      </object_component>
      <object_component id="oc-18c">
         <name>.text:sx_caldist</name>
         <load_address>0xf04c</load_address>
         <run_address>0xf04c</run_address>
         <size>0x1a</size>
         <input_file_ref idref="fl-16"/>
      </object_component>
      <object_component id="oc-20e">
         <name>.text:ReadSingleReg</name>
         <load_address>0xf066</load_address>
         <run_address>0xf066</run_address>
         <size>0x18</size>
         <input_file_ref idref="fl-2c"/>
      </object_component>
      <object_component id="oc-1ae">
         <name>.text:display_selection_Timeformat1</name>
         <load_address>0xf07e</load_address>
         <run_address>0xf07e</run_address>
         <size>0x16</size>
         <input_file_ref idref="fl-17"/>
      </object_component>
      <object_component id="oc-1cd">
         <name>.text:display_selection_User_Gender</name>
         <load_address>0xf094</load_address>
         <run_address>0xf094</run_address>
         <size>0x16</size>
         <input_file_ref idref="fl-16"/>
      </object_component>
      <object_component id="oc-be">
         <name>.text</name>
         <load_address>0xf0aa</load_address>
         <run_address>0xf0aa</run_address>
         <size>0x16</size>
         <input_file_ref idref="fl-41"/>
      </object_component>
      <object_component id="oc-10c">
         <name>.text</name>
         <load_address>0xf0c0</load_address>
         <run_address>0xf0c0</run_address>
         <size>0x16</size>
         <input_file_ref idref="fl-63"/>
      </object_component>
      <object_component id="oc-189">
         <name>.text:display_ppt</name>
         <load_address>0xf0d6</load_address>
         <run_address>0xf0d6</run_address>
         <size>0x14</size>
         <input_file_ref idref="fl-1b"/>
      </object_component>
      <object_component id="oc-187">
         <name>.text:display_rf</name>
         <load_address>0xf0ea</load_address>
         <run_address>0xf0ea</run_address>
         <size>0x14</size>
         <input_file_ref idref="fl-1b"/>
      </object_component>
      <object_component id="oc-18b">
         <name>.text:display_sync</name>
         <load_address>0xf0fe</load_address>
         <run_address>0xf0fe</run_address>
         <size>0x14</size>
         <input_file_ref idref="fl-1b"/>
      </object_component>
      <object_component id="oc-190">
         <name>.text:is_stopwatch</name>
         <load_address>0xf112</load_address>
         <run_address>0xf112</run_address>
         <size>0x14</size>
         <input_file_ref idref="fl-1c"/>
      </object_component>
      <object_component id="oc-1a0">
         <name>.text:BlueRobin_RadioISR_v</name>
         <load_address>0xf126</load_address>
         <run_address>0xf126</run_address>
         <size>0x12</size>
         <input_file_ref idref="fl-33"/>
      </object_component>
      <object_component id="oc-194">
         <name>.text:memcpy</name>
         <load_address>0xf138</load_address>
         <run_address>0xf138</run_address>
         <size>0x12</size>
         <input_file_ref idref="fl-5f"/>
      </object_component>
      <object_component id="oc-213">
         <name>.text:memset</name>
         <load_address>0xf14a</load_address>
         <run_address>0xf14a</run_address>
         <size>0x12</size>
         <input_file_ref idref="fl-61"/>
      </object_component>
      <object_component id="oc-1b8">
         <name>.text:open_radio</name>
         <load_address>0xf15c</load_address>
         <run_address>0xf15c</run_address>
         <size>0x12</size>
         <input_file_ref idref="fl-2b"/>
      </object_component>
      <object_component id="oc-1f8">
         <name>.text:BRRX__StartTimer_v</name>
         <load_address>0xf16e</load_address>
         <run_address>0xf16e</run_address>
         <size>0x10</size>
         <input_file_ref idref="fl-34"/>
      </object_component>
      <object_component id="oc-1c7">
         <name>.text:l_lsl</name>
         <load_address>0xf17e</load_address>
         <run_address>0xf17e</run_address>
         <size>0x10</size>
         <input_file_ref idref="fl-5c"/>
      </object_component>
      <object_component id="oc-1c8">
         <name>.text:l_lsr</name>
         <load_address>0xf18e</load_address>
         <run_address>0xf18e</run_address>
         <size>0x10</size>
         <input_file_ref idref="fl-5d"/>
      </object_component>
      <object_component id="oc-1d2">
         <name>.text:radio_powerdown</name>
         <load_address>0xf19e</load_address>
         <run_address>0xf19e</run_address>
         <size>0x10</size>
         <input_file_ref idref="fl-2b"/>
      </object_component>
      <object_component id="oc-168">
         <name>.text:sx_date</name>
         <load_address>0xf1ae</load_address>
         <run_address>0xf1ae</run_address>
         <size>0x10</size>
         <input_file_ref idref="fl-18"/>
      </object_component>
      <object_component id="oc-164">
         <name>.text:sx_time</name>
         <load_address>0xf1be</load_address>
         <run_address>0xf1be</run_address>
         <size>0x10</size>
         <input_file_ref idref="fl-17"/>
      </object_component>
      <object_component id="oc-219">
         <name>.text:BRRX__GetCurrentTime_u16</name>
         <load_address>0xf1ce</load_address>
         <run_address>0xf1ce</run_address>
         <size>0xc</size>
         <input_file_ref idref="fl-34"/>
      </object_component>
      <object_component id="oc-19f">
         <name>.text:is_rf</name>
         <load_address>0xf1da</load_address>
         <run_address>0xf1da</run_address>
         <size>0xc</size>
         <input_file_ref idref="fl-1b"/>
      </object_component>
      <object_component id="oc-17f">
         <name>.text:update_acceleration</name>
         <load_address>0xf1e6</load_address>
         <run_address>0xf1e6</run_address>
         <size>0xc</size>
         <input_file_ref idref="fl-19"/>
      </object_component>
      <object_component id="oc-172">
         <name>.text:update_alarm</name>
[...]
         <value>0xc3d0</value>
         <object_component_ref idref="oc-1d5"/>
      </symbol>
      <symbol id="sm-e00">
         <name>nwk_QfindSlot</name>
         <value>0xd0b4</value>
         <object_component_ref idref="oc-216"/>
      </symbol>
      <symbol id="sm-e01">
         <name>init_application</name>
         <value>0x9f38</value>
         <object_component_ref idref="oc-195"/>
      </symbol>
      <symbol id="sm-e02">
         <name>display_char</name>
         <value>0xd28a</value>
         <object_component_ref idref="oc-1b5"/>
      </symbol>
      <symbol id="sm-e03">
         <name>sx_altitude</name>
         <value>0xf2a2</value>
         <object_component_ref idref="oc-176"/>
      </symbol>
      <symbol id="sm-e04">
         <name>cma_mgrav_per_bit</name>
         <value>0xf886</value>
         <object_component_ref idref="oc-1c4"/>
      </symbol>
      <symbol id="sm-e05">
         <name>main</name>
         <value>0xcaf4</value>
         <object_component_ref idref="oc-15e"/>
      </symbol>
      <symbol id="sm-e06">
         <name>sTimer</name>
         <value>0x1eda</value>
         <object_component_ref idref="oc-143"/>
      </symbol>
      <symbol id="sm-e07">
         <name>update_stopwatch</name>
         <value>0xf20a</value>
         <object_component_ref idref="oc-183"/>
      </symbol>
      <symbol id="sm-e08">
         <name>MRFI_ReplyDelay</name>
         <value>0xdd8e</value>
         <object_component_ref idref="oc-232"/>
      </symbol>
      <symbol id="sm-e09">
         <name>display_speed</name>
         <value>0xc308</value>
         <object_component_ref idref="oc-17c"/>
      </symbol>
      <symbol id="sm-e0a">
         <name>_lock</name>
         <value>0x1ec6</value>
         <object_component_ref idref="oc-145"/>
      </symbol>
      <symbol id="sm-e0b">
         <name>as_stop</name>
         <value>0xe94a</value>
         <object_component_ref idref="oc-1a8"/>
      </symbol>
      <symbol id="sm-e0c">
         <name>display_alarm</name>
         <value>0xbe32</value>
         <object_component_ref idref="oc-171"/>
      </symbol>
      <symbol id="sm-e0d">
         <name>MRFI_Transmit</name>
         <value>0xa09a</value>
         <object_component_ref idref="oc-242"/>
      </symbol>
      <symbol id="sm-e0e">
         <name>display_rfbsl</name>
         <value>0xece8</value>
         <object_component_ref idref="oc-16e"/>
      </symbol>
      <symbol id="sm-e0f">
         <name>button</name>
         <value>0x1e90</value>
         <object_component_ref idref="oc-123"/>
      </symbol>
      <symbol id="sm-e10">
         <name>selection_User_Gender</name>
         <value>0xf8a6</value>
         <object_component_ref idref="oc-209"/>
      </symbol>
      <symbol id="sm-e11">
         <name>sx_acceleration</name>
         <value>0xee9a</value>
         <object_component_ref idref="oc-17d"/>
      </symbol>
      <symbol id="sm-e12">
         <name>MRFI_RxIdle</name>
         <value>0xe26a</value>
         <object_component_ref idref="oc-233"/>
      </symbol>
      <symbol id="sm-e13">
         <name>message</name>
         <value>0x1e24</value>
         <object_component_ref idref="oc-12b"/>
      </symbol>
      <symbol id="sm-e14">
         <name>sButton</name>
         <value>0x1e92</value>
         <object_component_ref idref="oc-123"/>
      </symbol>
      <symbol id="sm-e15">
         <name>battery_measurement</name>
         <value>0xd3de</value>
         <object_component_ref idref="oc-19d"/>
      </symbol>
      <symbol id="sm-e16">
         <name>mx_temperature</name>
         <value>0xb312</value>
         <object_component_ref idref="oc-173"/>
      </symbol>
      <symbol id="sm-e17">
         <name>SMPL_Init</name>
         <value>0xcc0c</value>
         <object_component_ref idref="oc-200"/>
      </symbol>
      <symbol id="sm-e18">
         <name>SMPL_SendOpt</name>
         <value>0xd7e2</value>
         <object_component_ref idref="oc-1ff"/>
      </symbol>
      <symbol id="sm-e19">
         <name>update_date</name>
         <value>0xf236</value>
         <object_component_ref idref="oc-16b"/>
      </symbol>
      <symbol id="sm-e1a">
         <name>menu_L2_Ppt</name>
         <value>0xf59c</value>
         <object_component_ref idref="oc-124"/>
      </symbol>
      <symbol id="sm-e1b">
         <name>sStopwatch</name>
         <value>0x1e4e</value>
         <object_component_ref idref="oc-140"/>
      </symbol>
      <symbol id="sm-e1c">
         <name>mx_time</name>
         <value>0x907e</value>
         <object_component_ref idref="oc-165"/>
      </symbol>
      <symbol id="sm-e1d">
         <name>simpliciti_ed_address</name>
         <value>0x1cea</value>
         <object_component_ref idref="oc-129"/>
      </symbol>
      <symbol id="sm-e1e">
         <name>sBuzzer</name>
         <value>0x1ebe</value>
         <object_component_ref idref="oc-144"/>
      </symbol>
      <symbol id="sm-e1f">
         <name>cma_as_get_data</name>
         <value>0xeaa2</value>
         <object_component_ref idref="oc-19b"/>
      </symbol>
      <symbol id="sm-e20">
         <name>WriteBurstReg</name>
         <value>0xe2f6</value>
         <object_component_ref idref="oc-225"/>
      </symbol>
      <symbol id="sm-e21">
         <name>display_chars</name>
         <value>0xbfd8</value>
         <object_component_ref idref="oc-1ab"/>
      </symbol>
      <symbol id="sm-e22">
         <name>menu_L1_Heartrate</name>
         <value>0xf530</value>
         <object_component_ref idref="oc-124"/>
      </symbol>
      <symbol id="sm-e23">
         <name>_unlock</name>
         <value>0x1eca</value>
         <object_component_ref idref="oc-145"/>
      </symbol>
      <symbol id="sm-e24">
         <name>nwk_retrieveFrame</name>
         <value>0xc8a2</value>
         <object_component_ref idref="oc-205"/>
      </symbol>
      <symbol id="sm-e25">
         <name>nwk_isValidReply</name>
         <value>0xe734</value>
         <object_component_ref idref="oc-251"/>
      </symbol>
      <symbol id="sm-e26">
         <name>Timer0_A4_Delay</name>
         <value>0xd780</value>
         <object_component_ref idref="oc-18f"/>
      </symbol>
      <symbol id="sm-e27">
         <name>bmp_param_b5</name>
         <value>0x1e1c</value>
         <object_component_ref idref="oc-142"/>
      </symbol>
      <symbol id="sm-e28">
         <name>mx_altitude</name>
         <value>0xb004</value>
         <object_component_ref idref="oc-177"/>
      </symbol>
      <symbol id="sm-e29">
         <name>ReadBurstReg</name>
         <value>0xe2b0</value>
         <object_component_ref idref="oc-20f"/>
      </symbol>
      <symbol id="sm-e2a">
         <name>nwk_link</name>
         <value>0xa47a</value>
         <object_component_ref idref="oc-201"/>
      </symbol>
      <symbol id="sm-e2b">
         <name>nwk_sendAckReply</name>
         <value>0xd038</value>
         <object_component_ref idref="oc-23c"/>
      </symbol>
      <symbol id="sm-e2c">
         <name>burst_start</name>
         <value>0x1d18</value>
         <object_component_ref idref="oc-129"/>
      </symbol>
      <symbol id="sm-e2d">
         <name>toggle_buzzer</name>
         <value>0xda78</value>
         <object_component_ref idref="oc-1ce"/>
      </symbol>
      <symbol id="sm-e2e">
         <name>sys</name>
         <value>0x1e20</value>
         <object_component_ref idref="oc-12b"/>
      </symbol>
      <symbol id="sm-e2f">
         <name>mx_caldist</name>
         <value>0x9438</value>
         <object_component_ref idref="oc-18d"/>
      </symbol>
      <symbol id="sm-e30">
         <name>sx_caldist</name>
         <value>0xf04c</value>
         <object_component_ref idref="oc-18c"/>
      </symbol>
      <symbol id="sm-e31">
         <name>nwk_putNumObjectIntoMsg</name>
         <value>0xefc8</value>
         <object_component_ref idref="oc-230"/>
      </symbol>
      <symbol id="sm-e32">
         <name>bmp_ps_get_pa</name>
         <value>0x9950</value>
         <object_component_ref idref="oc-1dc"/>
      </symbol>
      <symbol id="sm-e33">
         <name>is_rf</name>
         <value>0xf1da</value>
         <object_component_ref idref="oc-19f"/>
      </symbol>
      <symbol id="sm-e34">
         <name>clear_line</name>
         <value>0xdb84</value>
         <object_component_ref idref="oc-1ad"/>
      </symbol>
      <symbol id="sm-e35">
         <name>nwk_allocateLocalRxPort</name>
         <value>0xbf06</value>
         <object_component_ref idref="oc-22f"/>
      </symbol>
      <symbol id="sm-e36">
         <name>do_altitude_measurement</name>
         <value>0xa968</value>
         <object_component_ref idref="oc-19a"/>
      </symbol>
      <symbol id="sm-e37">
         <name>display</name>
         <value>0x1c8c</value>
         <object_component_ref idref="oc-122"/>
      </symbol>
      <symbol id="sm-e38">
         <name>menu_L2_RFBSL</name>
         <value>0xf4e8</value>
         <object_component_ref idref="oc-124"/>
      </symbol>
      <symbol id="sm-e39">
         <name>update_time</name>
         <value>0xf240</value>
         <object_component_ref idref="oc-167"/>
      </symbol>
      <symbol id="sm-e3a">
         <name>segments_bitmask</name>
         <value>0xf7ca</value>
         <object_component_ref idref="oc-1e7"/>
      </symbol>
      <symbol id="sm-e3b">
         <name>mx_stopwatch</name>
         <value>0xec4a</value>
         <object_component_ref idref="oc-181"/>
      </symbol>
      <symbol id="sm-e3c">
         <name>PORT2_ISR</name>
         <value>0x8c88</value>
         <object_component_ref idref="oc-15a"/>
      </symbol>
      <symbol id="sm-e3d">
         <name>nwk_processSecurity</name>
         <value>0xf296</value>
         <object_component_ref idref="oc-24a"/>
      </symbol>
      <symbol id="sm-e3e">
         <name>memmove</name>
         <value>0xef38</value>
         <object_component_ref idref="oc-246"/>
      </symbol>
      <symbol id="sm-e3f">
         <name>stop_altitude_measurement</name>
         <value>0xeafa</value>
         <object_component_ref idref="oc-1a7"/>
      </symbol>
      <symbol id="sm-e40">
         <name>BSP_Delay</name>
         <value>0xee12</value>
         <object_component_ref idref="oc-235"/>
      </symbol>
      <symbol id="sm-e41">
         <name>clock_tick</name>
         <value>0xc760</value>
         <object_component_ref idref="oc-1a5"/>
      </symbol>
      <symbol id="sm-e42">
         <name>menu_L1_Speed</name>
         <value>0xf542</value>
         <object_component_ref idref="oc-124"/>
      </symbol>
      <symbol id="sm-e43">
         <name>menu_L1_Time</name>
         <value>0xf4c4</value>
         <object_component_ref idref="oc-124"/>
      </symbol>
      <symbol id="sm-e44">
         <name>nwk_join</name>
         <value>0xabb0</value>
         <object_component_ref idref="oc-22d"/>
      </symbol>
      <symbol id="sm-e45">
         <name>nwk_processMgmt</name>
         <value>0xe33c</value>
         <object_component_ref idref="oc-24c"/>
      </symbol>
      <symbol id="sm-e46">
         <name>display_temperature</name>
         <value>0xb8ea</value>
         <object_component_ref idref="oc-174"/>
      </symbol>
      <symbol id="sm-e47">
         <name>SMPL_Ioctl</name>
         <value>0xa5c2</value>
         <object_component_ref idref="oc-1fe"/>
      </symbol>
      <symbol id="sm-e48">
         <name>sx_stopwatch</name>
         <value>0xe8b2</value>
         <object_component_ref idref="oc-180"/>
      </symbol>
      <symbol id="sm-e49">
         <name>display_acceleration</name>
         <value>0x9ae2</value>
         <object_component_ref idref="oc-17e"/>
      </symbol>
      <symbol id="sm-e4a">
         <name>selection_Timeformat</name>
         <value>0xf89e</value>
         <object_component_ref idref="oc-1ec"/>
      </symbol>
      <symbol id="sm-e4b">
         <name>adc12_single_conversion</name>
         <value>0xd588</value>
         <object_component_ref idref="oc-1d7"/>
      </symbol>
      <symbol id="sm-e4c">
         <name>bmp_as_start</name>
         <value>0xd656</value>
         <object_component_ref idref="oc-1c6"/>
      </symbol>
      <symbol id="sm-e4d">
         <name>ADC12ISR</name>
         <value>0xeffe</value>
         <object_component_ref idref="oc-163"/>
      </symbol>
      <symbol id="sm-e4e">
         <name>wakeup_event</name>
         <value>0xaccc</value>
         <object_component_ref idref="oc-198"/>
      </symbol>
      <symbol id="sm-e4f">
         <name>sx_sync</name>
         <value>0xc494</value>
         <object_component_ref idref="oc-18a"/>
      </symbol>
      <symbol id="sm-e50">
         <name>init_global_variables</name>
         <value>0xa1e6</value>
         <object_component_ref idref="oc-196"/>
      </symbol>
      <symbol id="sm-e51">
         <name>menu_L1_Alarm</name>
         <value>0xf4fa</value>
         <object_component_ref idref="oc-124"/>
      </symbol>
      <symbol id="sm-e52">
         <name>MRFI_SetRFPwr</name>
         <value>0xeb50</value>
         <object_component_ref idref="oc-243"/>
      </symbol>
      <symbol id="sm-e53">
         <name>nwk_nwkInit</name>
         <value>0x9c66</value>
         <object_component_ref idref="oc-22b"/>
      </symbol>
      <symbol id="sm-e54">
         <name>menu_L2_Stopwatch</name>
         <value>0xf566</value>
         <object_component_ref idref="oc-124"/>
      </symbol>
      <symbol id="sm-e55">
         <name>start_altitude_measurement</name>
         <value>0xd902</value>
         <object_component_ref idref="oc-1b7"/>
      </symbol>
      <symbol id="sm-e56">
         <name>display_am_pm_symbol</name>
         <value>0xf018</value>
         <object_component_ref idref="oc-1b3"/>
      </symbol>
      <symbol id="sm-e57">
         <name>adc12_result</name>
         <value>0x1f02</value>
         <object_component_ref idref="oc-141"/>
      </symbol>
      <symbol id="sm-e58">
         <name>nwk_QfindOldest</name>
         <value>0xbc80</value>
         <object_component_ref idref="oc-237"/>
      </symbol>
      <symbol id="sm-e59">
         <name>WritePATable</name>
         <value>0xd520</value>
         <object_component_ref idref="oc-226"/>
      </symbol>
      <symbol id="sm-e5a">
         <name>display_rf</name>
         <value>0xf0ea</value>
         <object_component_ref idref="oc-187"/>
      </symbol>
      <symbol id="sm-e5b">
         <name>method</name>
         <value>0xf4c3</value>
         <object_component_ref idref="oc-138"/>
      </symbol>
      <symbol id="sm-e5c">
         <name>sDate</name>
         <value>0x1ee4</value>
         <object_component_ref idref="oc-13f"/>
      </symbol>
      <symbol id="sm-e5d">
         <name>simpliciti_reply_count</name>
         <value>0x1d0f</value>
         <object_component_ref idref="oc-129"/>
      </symbol>
      <symbol id="sm-e5e">
         <name>display_heartrate</name>
         <value>0xdfc6</value>
         <object_component_ref idref="oc-17b"/>
      </symbol>
      <symbol id="sm-e5f">
         <name>display_sync</name>
         <value>0xf0fe</value>
         <object_component_ref idref="oc-18b"/>
      </symbol>
      <symbol id="sm-e60">
         <name>stopwatch_tick</name>
         <value>0xb414</value>
         <object_component_ref idref="oc-1a3"/>
      </symbol>
      <symbol id="sm-e61">
         <name>simpliciti_get_ed_data_callback</name>
         <value>0xc804</value>
         <object_component_ref idref="oc-1fd"/>
      </symbol>
      <symbol id="sm-e62">
         <name>int_to_array_conversion_table</name>
         <value>0xf2a4</value>
         <object_component_ref idref="oc-1ee"/>
      </symbol>
      <symbol id="sm-e63">
         <name>nwk_getConnInfo</name>
         <value>0xec72</value>
         <object_component_ref idref="oc-203"/>
      </symbol>
      <symbol id="sm-e64">
         <name>button_repeat_function</name>
         <value>0xdf26</value>
         <object_component_ref idref="oc-1ed"/>
      </symbol>
      <symbol id="sm-e65">
         <name>Timer0_A3_Start</name>
         <value>0xebce</value>
         <object_component_ref idref="oc-1cf"/>
      </symbol>
      <symbol id="sm-e66">
         <name>display_battery_V</name>
         <value>0xda1c</value>
         <object_component_ref idref="oc-184"/>
      </symbol>
      <symbol id="sm-e67">
         <name>nwk_processFreq</name>
         <value>0xf292</value>
         <object_component_ref idref="oc-24b"/>
      </symbol>
      <symbol id="sm-e68">
         <name>sx_bluerobin</name>
         <value>0xb514</value>
         <object_component_ref idref="oc-179"/>
      </symbol>
      <symbol id="sm-e69">
         <name>bmp_ps_init</name>
         <value>0xb9d4</value>
         <object_component_ref idref="oc-1d3"/>
      </symbol>
      <symbol id="sm-e6a">
         <name>as_ok</name>
         <value>0x1d75</value>
         <object_component_ref idref="oc-13a"/>
      </symbol>
      <symbol id="sm-e6b">
         <name>sBlueRobin</name>
         <value>0x1dec</value>
         <object_component_ref idref="oc-13e"/>
      </symbol>
      <symbol id="sm-e6c">
         <name>chronos_black</name>
         <value>0x1e27</value>
         <object_component_ref idref="oc-12b"/>
      </symbol>
      <symbol id="sm-e6d">
         <name>menu_L2_CalDist</name>
         <value>0xf5c0</value>
         <object_component_ref idref="oc-124"/>
      </symbol>
      <symbol id="sm-e6e">
         <name>simpliciti_payload_length</name>
         <value>0x1d16</value>
         <object_component_ref idref="oc-129"/>
      </symbol>
      <symbol id="sm-e6f">
         <name>get_bluerobin_data</name>
         <value>0xc9d6</value>
         <object_component_ref idref="oc-1aa"/>
      </symbol>
      <symbol id="sm-e70">
         <name>_system_pre_init</name>
         <value>0xf28a</value>
         <object_component_ref idref="oc-15c"/>
      </symbol>
      <symbol id="sm-e71">
         <name>stop_bluerobin</name>
         <value>0xe222</value>
         <object_component_ref idref="oc-1c2"/>
      </symbol>
      <symbol id="sm-e72">
         <name>write_lcd_mem</name>
         <value>0xdc8c</value>
         <object_component_ref idref="oc-1e8"/>
      </symbol>
      <symbol id="sm-e73">
         <name>sTime</name>
         <value>0x1e40</value>
         <object_component_ref idref="oc-13c"/>
      </symbol>
      <symbol id="sm-e74">
         <name>TIMER0_A0_ISR</name>
         <value>0x8000</value>
         <object_component_ref idref="oc-162"/>
      </symbol>
      <symbol id="sm-e75">
         <name>update_temperature</name>
         <value>0xf216</value>
         <object_component_ref idref="oc-175"/>
      </symbol>
      <symbol id="sm-e76">
         <name>display_hours</name>
         <value>0xdd3a</value>
         <object_component_ref idref="oc-1b1"/>
      </symbol>
      <symbol id="sm-e77">
         <name>nwk_processLink</name>
         <value>0xc172</value>
         <object_component_ref idref="oc-248"/>
      </symbol>
      <symbol id="sm-e78">
         <name>sx_time</name>
         <value>0xf1be</value>
         <object_component_ref idref="oc-164"/>
      </symbol>
      <symbol id="sm-e79">
         <name>display_caldist</name>
         <value>0xb20e</value>
         <object_component_ref idref="oc-18e"/>
      </symbol>
      <symbol id="sm-e7a">
         <name>display_time</name>
         <value>0x9602</value>
         <object_component_ref idref="oc-166"/>
      </symbol>
      <symbol id="sm-e7b">
         <name>menu_L2_Date</name>
         <value>0xf4d6</value>
         <object_component_ref idref="oc-124"/>
      </symbol>
      <symbol id="sm-e7c">
         <name>display_symbol</name>
         <value>0xef1a</value>
         <object_component_ref idref="oc-1a9"/>
      </symbol>
   </symbol_table>
   <title>Link errors: red sections failed placement</title>
</link_info>
